
> web@0.1.0 build C:\workspace\antigravity\peopleon
> next build

??Warning: Next.js inferred your workspace root, but it may not be correct.
 We detected multiple lockfiles and selected the directory of C:\workspace\bun.lock as the root directory.
 To silence this warning, set `turbopack.root` in your Next.js config, or consider removing one of the lockfiles if it's not needed.
   See https://nextjs.org/docs/app/api-reference/config/next-config-js/turbopack#root-directory for more information.
 Detected additional lockfiles: 
   * C:\workspace\antigravity\peopleon\pnpm-lock.yaml

??Next.js 16.1.4 (Turbopack)
- Environments: .env.local

??The "middleware" file convention is deprecated. Please use "proxy" instead. Learn more: https://nextjs.org/docs/messages/middleware-to-proxy
  Creating an optimized production build ...
??Compiled successfully in 5.3s
  Running TypeScript ...
Failed to compile.

./src/app/(dashboard)/members/page.tsx:252:48
Type error: Property 'member_number' does not exist on type 'UnifiedPerson'.

  250 |             const queryLower = query.toLowerCase();
  251 |             const certificateText = `${p.certificate_display || ''} ${(p.certificate_search_tokens || []).join(' ')}`;
> 252 |             const isTextMatch = `${p.name} ${p.member_number || ''} ${certificateText} ${p.phone} ${p.notes || ''}`
      |                                                ^
  253 |                 .toLowerCase()
  254 |                 .includes(queryLower);
  255 |             const isLogMatch = Array.isArray(p.entity_ids) && p.entity_ids.some(id => matchedEntityIds.has(id));
Next.js build worker exited with code: 1 and signal: null
?덭LIFECYCLE??Command failed with exit code 1.
