src/app/(dashboard)/members/page.tsx(12,29): error TS2440: Import declaration conflicts with local declaration of 'UnifiedPerson'.
src/app/(dashboard)/members/page.tsx(287,46): error TS2304: Cannot find name 'relationsList'.
src/app/(dashboard)/members/page.tsx(287,64): error TS7006: Parameter 'r' implicitly has an 'any' type.
src/app/(dashboard)/members/page.tsx(289,52): error TS2538: Type 'unknown' cannot be used as an index type.
src/app/(dashboard)/members/page.tsx(402,21): error TS2322: Type 'unknown[]' is not assignable to type 'string[]'.
  Type 'unknown' is not assignable to type 'string'.
