src/app/api/members/update/route.ts(373,1): error TS1005: '}' expected.
